// Vitest Snapshot v1, https://vitest.dev/guide/snapshot.html

exports[`typography styles > default styles 1`] = `
{
  "--tw-prose-muted": "#e2e8f0",
  "--tw-prose-primary": "#0f172a",
  "--tw-prose-radius": "0.5rem",
  "a": {
    "&:hover": {
      "--tw-shadow": "inset 0 -0.5em 0 0 var(--tw-shadow-color)",
      "--tw-shadow-color": "var(--tw-prose-primary)",
      "--tw-shadow-colored": "inset 0 -0.5em 0 0 var(--tw-shadow-color)",
    },
    "--tw-shadow": "inset 0 -1px 0 0",
    "--tw-shadow-colored": "inset 0 -1px 0 0 var(--tw-shadow-color)",
    "boxShadow": "var(--tw-ring-offset-shadow, 0 0 #0000), var(--tw-ring-shadow, 0 0 #0000), var(--tw-shadow)",
    "position": "relative",
  },
  "blockquote": {
    "borderColor": "var(--tw-prose-primary)",
    "borderLeftWidth": "5px",
    "fontStyle": "italic",
    "lineHeight": "1.75rem",
    "margin": "0 1.75rem 1.75rem 1.5rem",
    "opacity": 0.8,
    "paddingLeft": "1.25rem",
  },
  "code": {
    "&:not(:where(.astro-code *))": {
      "backgroundColor": "var(--tw-prose-muted)",
      "borderRadius": "0.25rem",
      "fontSize": "0.875rem",
      "fontWeight": 600,
      "lineHeight": "1.25rem",
      "padding": "0.2rem 0.3rem",
      "position": "relative",
    },
    "fontFamily": "ui-monospace, SFMono-Regular, Menlo, Monaco, Consolas, "Liberation Mono", "Courier New", monospace",
  },
  "h1": {
    "&:not(:first-child)": {
      "margin": "3.5rem 0 1.75rem",
    },
    "fontSize": "2.25rem",
    "fontWeight": 900,
    "lineHeight": "2.5rem",
  },
  "h1, h2, h3, h4, h5, h6": {
    "letterSpacing": "-0.025em",
    "scrollMargin": "5rem",
  },
  "h2": {
    "&:not(:first-child)": {
      "margin": "3rem 0 1.5rem",
    },
    "fontSize": "1.875rem",
    "fontWeight": 800,
    "lineHeight": "2.25rem",
    "paddingBottom": "0.5rem",
  },
  "h3": {
    "&:not(:first-child)": {
      "margin": "2.5rem 0 1.25rem",
    },
    "fontSize": "1.5rem",
    "fontWeight": 700,
    "lineHeight": "2rem",
  },
  "h4": {
    "&:not(:first-child)": {
      "margin": "2rem 0 1rem",
    },
    "fontSize": "1.25rem",
    "fontWeight": 600,
    "lineHeight": "1.75rem",
  },
  "img": {
    "borderRadius": "calc(var(--tw-prose-radius) - 4px)",
  },
  "ol": {
    "listStyleType": "decimal",
  },
  "ol, ul": {
    "& > li": {
      "&::marker": {
        "color": "var(--tw-prose-primary)",
      },
      "marginBottom": "1rem",
      "paddingLeft": "0.75rem",
    },
    "fontWeight": 500,
    "lineHeight": 1.1,
    "marginTop": "1rem",
  },
  "p": {
    "&:not(:last-child)": {
      "marginTop": "1.5rem",
    },
    "letterSpacing": "-0.01em",
    "lineHeight": "1.75rem",
  },
  "ul": {
    "listStyleType": "disc",
  },
}
`;

exports[`typography styles > default styles 2`] = `
{
  "h1": {
    "fontSize": "3rem",
    "lineHeight": 1,
  },
  "h2": {
    "fontSize": "2.25rem",
    "lineHeight": "2.5rem",
  },
  "h3": {
    "fontSize": "1.875rem",
    "lineHeight": "2.25rem",
  },
}
`;
