// Vitest Snapshot v1, https://vitest.dev/guide/snapshot.html

exports[`remarkReadingTime > adds reading time to the frontmatter 1`] = `
{
  "astro": {
    "frontmatter": {
      "minutesRead": "1 min read",
      "wordCount": 7,
    },
  },
}
`;
